2026-06-23T03:00:01Z GRACEFUL_SHUTDOWN uptime_s=80063 cmm04=[0x04 0x9f 0x01 0xe8 0x2e 0xa8 0x2e 0xbf 0x6d] cmm01=[0x00 0x80 0x41]
2026-06-24T03:00:01Z GRACEFUL_SHUTDOWN uptime_s=86362 cmm04=[0x04 0x9d 0x01 0xea 0x2f 0x09 0x2f 0x20 0xe4] cmm01=[0x00 0x80 0x41]
2026-06-25T03:00:01Z GRACEFUL_SHUTDOWN uptime_s=86362 cmm04=[0x04 0x9d 0x01 0xe7 0x2e 0xfb 0x2f 0x12 0x22] cmm01=[0x00 0x80 0x41]
2026-06-27T03:00:01Z GRACEFUL_SHUTDOWN uptime_s=69160 cmm04=[0x04 0x9f 0x01 0xe9 0x2e 0xe9 0x2f 0x00 0xc3] cmm01=[0x00 0x40 0x0f]
2026-07-02T03:00:01Z GRACEFUL_SHUTDOWN uptime_s=70246 cmm04=[0x04 0xa0 0x01 0xe9 0x2f 0x32 0x2f 0x49 0x65] cmm01=[0x00 0x40 0x0f]
2026-07-03T03:00:01Z GRACEFUL_SHUTDOWN uptime_s=79838 cmm04=[0x04 0xa0 0x01 0xe9 0x2f 0x37 0x2f 0x52 0xe4] cmm01=[0x00 0x40 0x0f]
2026-07-04T03:00:01Z GRACEFUL_SHUTDOWN uptime_s=86362 cmm04=[0x04 0xa1 0x01 0xe8 0x2f 0x8a 0x2f 0xa5 0xe9] cmm01=[0x00 0x40 0x0f]
2026-07-05T03:00:01Z GRACEFUL_SHUTDOWN uptime_s=1493 cmm04=[0x04 0x9d 0x01 0xe8 0x2f 0x52 0x2f 0x6e 0x05] cmm01=[0x00 0x40 0x0f]
2026-07-06T03:00:01Z GRACEFUL_SHUTDOWN uptime_s=5058 cmm04=[0x04 0xa3 0x01 0xe9 0x2f 0x4e 0x2f 0x69 0x7e] cmm01=[0x00 0x40 0x0f]
2026-07-07T03:00:01Z GRACEFUL_SHUTDOWN uptime_s=9964 cmm04=[0x04 0xa1 0x01 0xe9 0x2f 0x20 0x2f 0x32 0xa8] cmm01=[0x00 0x40 0x0f]
2026-07-08T03:00:01Z GRACEFUL_SHUTDOWN uptime_s=2295 cmm04=[0x04 0xa0 0x01 0xea 0x30 0xf9 0x31 0x10 0x1e] cmm01=[0x00 0x40 0x0f]
2026-07-09T03:00:01Z GRACEFUL_SHUTDOWN uptime_s=7959 cmm04=[0x04 0xa0 0x01 0xe9 0x2f 0x49 0x2f 0x65 0x2a] cmm01=[0x00 0x40 0x0f]
2026-07-10T03:00:01Z GRACEFUL_SHUTDOWN uptime_s=4436 cmm04=[0x04 0xa0 0x01 0xe8 0x2f 0x6e 0x2f 0x85 0xb3] cmm01=[0x00 0x40 0x0f]
2026-07-11T03:00:02Z GRACEFUL_SHUTDOWN uptime_s=86362 cmm04=[0x04 0xa0 0x01 0xe9 0x2f 0x49 0x2f 0x65 0x2a] cmm01=[0x00 0x40 0x0f]
2026-07-13T03:00:01Z GRACEFUL_SHUTDOWN uptime_s=75413 cmm04=[0x04 0x9f 0x01 0xe9 0x2e 0x76 0x2e 0x91 0xc6] cmm01=[0x00 0x40 0x0f]
2026-07-14T03:00:01Z GRACEFUL_SHUTDOWN uptime_s=8462 cmm04=[0x04 0xa0 0x01 0xe9 0x2e 0xbb 0x2e 0xd2 0x9f] cmm01=[0x00 0x40 0x0f]
2026-07-15T03:00:01Z GRACEFUL_SHUTDOWN uptime_s=534 cmm04=[0x04 0xa0 0x01 0xea 0x2f 0x57 0x2f 0x6e 0x33] cmm01=[0x00 0x40 0x0f]
2026-07-16T03:00:01Z GRACEFUL_SHUTDOWN uptime_s=8131 cmm04=[0x04 0x9f 0x01 0xe9 0x2f 0x0e 0x2f 0x20 0xed] cmm01=[0x00 0x40 0x0f]
2026-07-17T03:00:01Z GRACEFUL_SHUTDOWN uptime_s=9658 cmm04=[0x04 0xa1 0x01 0xe9 0x2e 0xe0 0x2e 0xf7 0x73] cmm01=[0x00 0x40 0x0f]
2026-07-18T03:00:01Z GRACEFUL_SHUTDOWN uptime_s=9276 cmm04=[0x04 0xa0 0x01 0xe9 0x2e 0xed 0x2f 0x04 0xff] cmm01=[0x00 0x40 0x0f]
2026-07-19T03:00:01Z GRACEFUL_SHUTDOWN uptime_s=167 cmm04=[0x04 0x9e 0x01 0xe8 0x2b 0x08 0x2b 0x1f 0x9c] cmm01=[0x00 0x40 0x0f]
2026-07-20T03:00:01Z GRACEFUL_SHUTDOWN uptime_s=10199 cmm04=[0x04 0xa1 0x01 0xe9 0x2f 0x49 0x2f 0x60 0xee] cmm01=[0x00 0x40 0x0f]
2026-07-21T03:00:01Z GRACEFUL_SHUTDOWN uptime_s=2879 cmm04=[0x04 0xa2 0x01 0xe9 0x31 0xcd 0x31 0xe4 0x9f] cmm01=[0x00 0x40 0x0f]
2026-07-22T03:00:01Z GRACEFUL_SHUTDOWN uptime_s=7565 cmm04=[0x04 0xa0 0x01 0xe9 0x2f 0x73 0x2f 0x8e 0xd3] cmm01=[0x00 0x40 0x0f]
2026-07-24T03:00:01Z GRACEFUL_SHUTDOWN uptime_s=1848 cmm04=[0x04 0xa0 0x01 0xe9 0x31 0xdb 0x31 0xf2 0x9b] cmm01=[0x00 0x40 0x0f]
